---
source: crates/kotlin-syntax/src/parser/grammar/types.rs
expression: out
---
StartNode(TYPE)
StartNode(FUNCTION_TYPE)
StartNode(VALUE_PARAMETERS)
AddToken
StartNode(VALUE_PARAMETER)
AddToken
AddToken
StartNode(TYPE)
Tombstone
StartNode(USER_TYPE)
AddToken
FinishNode
FinishNode
FinishNode
AddToken
StartNode(VALUE_PARAMETER)
AddToken
AddToken
StartNode(TYPE)
Tombstone
StartNode(USER_TYPE)
AddToken
FinishNode
FinishNode
FinishNode
AddToken
FinishNode
AddToken
StartNode(TYPE)
Tombstone
StartNode(USER_TYPE)
AddToken
FinishNode
FinishNode
FinishNode
FinishNode
