---
source: crates/hir-ty/tests/diagnostics_snapshots.rs
expression: out
---
FILE /src/Main.java:
class Main {
    static String s = helper();

    static {
        helper();
    }

    {
        helper();
    }

    String helper() {
        return null;
    }
}

field s
  locals: 
  exprs: e0: java.lang.String
  diags: e0@1:22: non-static-method-from-static-context: Non-static method 'helper()' cannot be referenced from a static context
static {}
  locals: 
  exprs: e1: java.lang.String
  diags: e1@4:8: non-static-method-from-static-context: Non-static method 'helper()' cannot be referenced from a static context
instance {}
  locals: 
  exprs: e2: java.lang.String
method helper(): java.lang.String
  locals: 
  exprs: e3: null
