---
source: crates/hir-ty/tests/diagnostics_snapshots.rs
expression: out
---
FILE /src/Main.java:
class Main {
    static void m(Object o) {}
    void m(String s) {}

    static void test() {
        m("x");
    }
}

method m(java.lang.Object): void
  locals: l0: java.lang.Object
  exprs: 
method m(java.lang.String): void
  locals: l1: java.lang.String
  exprs: 
method test(): void
  locals: 
  exprs: e0: java.lang.String | e1: void
  diags: e1@5:8: non-static-method-from-static-context: non-static method m() cannot be referenced from a static context
