---
source: crates/hir-ty/tests/javac_parity.rs
expression: out
---
FILE /src/Var.java:
class Var {
    void t() {
        var x;
    }
}

LSP (ours):
2:12: compiler.err.cant.infer.local.var.type: cannot infer type for local variable x
  (cannot use 'var' on variable without initializer)
JAVAC:
2:12: compiler.err.cant.infer.local.var.type: cannot infer type for local variable x
  (cannot use 'var' on variable without initializer)
VERDICT:
  matched: 1 · javac-only: 0 · ours-only: 0
