---
source: crates/hir-ty/tests/jls_raw_types.rs
assertion_line: 42
expression: out
---
FILE /src/com/example/Raw.java:
package com.example;

import java.util.List;

class Raw {
    void m(List<String> xs) {
        List raw = xs;
        List<String> unchecked = raw;
        String first = unchecked.get(0);
    }
}

method m(java.util.List<java.lang.String>): void
  locals: l0: java.util.List<java.lang.String> | l1: java.util.List | l2: java.util.List<java.lang.String> | l3: java.lang.String
  exprs: e0: java.util.List<java.lang.String> | e1: java.util.List | e2: int | e3: java.util.List<java.lang.String> | e4: java.lang.String
  diags: l1@6:13: raw-type-use: raw type 'List' is used without type arguments | e1@7:33: unchecked-conversion: unchecked conversion: List converted to List<String>
