---
source: crates/hir-ty/tests/jls_control_flow.rs
expression: out
---
FILE /src/com/example/Dead.java:
package com.example;

class Dead {
    int dead() {
        return 1;
        System.out.println(2);
    }
}

method dead(): int
  locals: 
  exprs: e0: int | e1: int | e2: <error> | e3: <error> | e4: <error>
  diags: ss1@5:8: unreachable-statement: unreachable statement | e2@5:8: cannot-resolve-symbol: cannot find symbol
  symbol:   variable System | e3@5:8: no-such-field: cannot find symbol
  symbol:   variable out
