---
source: crates/hir-ty/tests/jls_member_gaps.rs
expression: out
---
FILE /src/com/example/Body.java:
package com.example;

import java.util.ArrayList;

class Body {
    static class Check<T> {}

    static class Container<T> extends ArrayList<Check<T>> {}

    static void test(Container c, Check<?> x) {
        c.add(x);
    }
}

method test(com.example.Body.Container, com.example.Body.Check<?>): void
  locals: l0: com.example.Body.Container | l1: com.example.Body.Check<?>
  exprs: e0: com.example.Body.Check<?> | e1: com.example.Body.Container | e2: boolean
