---
source: crates/hir-ty/tests/jls_classes.rs
expression: out
---
FILE /src/com/example/AbstractDollar.java:
package com.example;

abstract class Abs$Tract {
    Abs$Tract() {}
}

class Instantiate {
    void make() {
        new Abs$Tract();
    }
}

method Abs$Tract(): <init>
  locals: 
  exprs: 
method make(): void
  locals: 
  exprs: e0: com.example.Abs$Tract
  diags: e0@8:8: cannot-instantiate-type-var: Abs$Tract is abstract; cannot be instantiated
