---
source: crates/hir-ty/tests/jls_final_capture.rs
expression: out
---
FILE /src/com/example/Final.java:
package com.example;

class Final {
    static final int sf;
    static {
        if ("x".length() > 0) {
            sf = 1;
        } else {
            sf = 2;
        }
        sf = 3;
    }
}

static {}
  @10:8..10:10 'sf': variable-already-assigned: Variable 'sf' might already have been assigned
