---
source: crates/hir-ty/tests/jls_invocation_context.rs
expression: out
---
FILE /src/gg/vape/ValueSnapshot.java:
package gg.vape;

class Value<R, V> {
}

class ValueSnapshot<T extends Value<R, ?>, R> {
    ValueSnapshot(T sourceValue) {
    }
}

class C {
    void m(Value<?, ?> value) {
        ValueSnapshot<?, ?> vs = new ValueSnapshot<>(value);
    }
}

method ValueSnapshot(T): <init>
  locals: l0: T
  exprs: 
method m(gg.vape.Value<?, ?>): void
  locals: l1: gg.vape.Value<?, ?> | l2: gg.vape.ValueSnapshot<?, ?>
  exprs: e0: gg.vape.Value<?, ?> | e1: gg.vape.ValueSnapshot<gg.vape.Value<?, ?>, java.lang.Object>
