---
source: crates/hir-ty/tests/jls_classes.rs
expression: out
---
FILE /src/com/example/InitOrder.java:
package com.example;

class InitOrder {
    int a = b;
    int b = 1;
}

field a
  locals: 
  exprs: e0: <error>
  diags: e0@3:12: illegal-forward-reference: Illegal forward reference
field b
  locals: 
  exprs: e1: int
