---
source: crates/hir-ty/tests/jls_control_flow.rs
expression: out
---
FILE /src/com/example/Dead.java:
package com.example;

class Dead {
    int dead() {
        return 1;
        System.out.println(2);
    }
}

method dead(): int
  locals: 
  exprs: e0: int | e1: int | e2: <error> | e3: <error> | e4: <error>
  diags: ss1@5:8: unreachable-statement: Unreachable statement | e2@5:8: cannot-resolve-symbol: Cannot resolve symbol 'System' | e3@5:15: no-such-field: Cannot resolve symbol 'out'
