---
source: crates/hir-ty/tests/jls_constructors.rs
assertion_line: 114
expression: out
---
FILE /src/com/example/Constr.java:
package com.example;

class Foo {
    Foo(int x) {}

    Foo() {
        this("s");
    }
}

method Foo(int): <init>
  locals: l0: int
  exprs: 
method Foo(): <init>
  locals: 
  exprs: e0: java.lang.String | e1: void
  diags: e1@6:8: wrong-argument-count: constructor Foo() cannot be applied to given types;
  required: int
  found: String
  reason: incompatible types: String cannot be converted to int
