---
source: crates/hir-ty/tests/jls_conversions.rs
expression: out
---
FILE /src/com/example/Body.java:
package com.example;

class Body {
    void m(Object o) {
        Integer bad1 = "str";
        int bad2 = o;
        Boolean bad3 = 1;
    }
}

method m(java.lang.Object): void
  locals: l0: java.lang.Object | l1: java.lang.Integer | l2: int | l3: java.lang.Boolean
  exprs: e0: java.lang.String | e1: java.lang.Object | e2: int
  diags: e0@4:23: incompatible-types: Incompatible types. Found: 'String', required: 'Integer' | e1@5:19: incompatible-types: Incompatible types. Found: 'Object', required: 'int' | e2@6:23: incompatible-types: Incompatible types. Found: 'int', required: 'Boolean'
