---
source: crates/hir-ty/tests/jls_invocations.rs
expression: out
---
FILE /src/com/example/Body.java:
package com.example;

class Body {
    void func(String arg0, int arg1) {}

    void use() {
        int i = 0;
        func(i, "string");
    }
}

method use(): void
  @7:13..7:24 'i, "string"': wrong-argument-count: Method 'func()' cannot be applied to given types
    -> @7:13..7:24 'i, "string"': required: String, int
    -> @7:13..7:24 'i, "string"': found: int, String
    -> @7:13..7:14 'i': reason: 'int' cannot be converted to 'String'
    -> @7:16..7:24 '"string"': reason: 'String' cannot be converted to 'int'
