---
source: crates/hir-ty/tests/jls_method_ref_generic.rs
expression: out
---
FILE /src/com/example/Body.java:
package com.example;

import java.util.Optional;
import java.util.function.Function;

class Body {
    Optional<String> wrong(Optional<String> id) {
        return id.map(Optional::of);
    }
}
