---
source: crates/hir-ty/tests/jls_deprecation.rs
expression: out
---
FILE /src/q/S.java:
package q;

@Deprecated class D {}

class S {
    @Deprecated void o() {}
    @Deprecated(forRemoval = true) void t() {}
}

class UseS {
    @SuppressWarnings("deprecation") void a() { S s = new S(); s.o(); }
    @SuppressWarnings("removal") void b() { S s = new S(); s.t(); }
    @SuppressWarnings("deprecation") void c() { S s = new S(); s.t(); }
    @SuppressWarnings("removal") void d() { S s = new S(); s.o(); }
    @SuppressWarnings("deprecation") void e(D d) {}
    void f(D d) {}
}

method c(): void
  @12:65..12:66 't': deprecated-for-removal: t() in S has been deprecated and marked for removal
method d(): void
  @13:61..13:62 'o': deprecated-use: o() in S has been deprecated
