---
source: crates/hir-ty/tests/jls_declarations.rs
expression: out
---
FILE /src/com/example/Body.java:
package com.example;

class Body {
    private void record(int x, int y) {}
    private void sealed() {}
    private void permits() {}
    private int record;
    void m(int a) {
        record(a, a);
        sealed();
        permits();
    }
}
