---
source: crates/hir-ty/tests/jls_capture_args.rs
expression: out
---
FILE /src/com/example/SupNeg.java:
package com.example;

import java.util.List;

class SupNeg {
    void f(Object o, Number n, List<? super Integer> l) {
        l.add(o);
        l.add(n);
    }
}

method f(java.lang.Object, java.lang.Number, java.util.List<? super java.lang.Integer>): void
  locals: l0: java.lang.Object | l1: java.lang.Number | l2: java.util.List<? super java.lang.Integer>
  exprs: e0: java.lang.Object | e1: java.util.List<? super java.lang.Integer> | e2: <error> | e3: java.lang.Number | e4: java.util.List<? super java.lang.Integer> | e5: <error>
  diags: e2@6:14: wrong-argument-count: Method 'add()' cannot be applied to given types | e5@7:14: wrong-argument-count: Method 'add()' cannot be applied to given types
