---
source: crates/hir-ty/tests/jls_source_level.rs
expression: out
---
FILE /src/com/example/MultiLabel.java:
package com.example;

class A {
    void m(int i) {
        switch (i) {
            case 1, 2 -> {}
            default -> {}
        }
    }
}

@5:12: feature-not-supported-in-source-level: switch rules are not supported in source level 13 (use source level 14 or higher to enable switch rules)
@6:12: feature-not-supported-in-source-level: switch rules are not supported in source level 13 (use source level 14 or higher to enable switch rules)
