---
source: crates/hir-ty/tests/jls_packages.rs
expression: out
---
FILE /proj/src/main/java/org/example/Unmatched.java:
package org.example.unmatched.pkg;

public class Unmatched {}

@0:8: package-path-mismatch: Package name 'org.example.unmatched.pkg' does not correspond to the file path 'org.example'
