---
source: crates/hir-ty/tests/jls_inheritance.rs
expression: out
---
FILE /src/com/example/Cycle.java:
package com.example;

interface X extends Y {}
interface Y extends Z {}
interface Z extends X {}

@2:10: cyclic-inheritance: Cyclic inheritance involving 'X'
@3:10: cyclic-inheritance: Cyclic inheritance involving 'Y'
@4:10: cyclic-inheritance: Cyclic inheritance involving 'Z'
