---
source: crates/hir-ty/tests/jls_annotations.rs
expression: out
---
FILE /src/com/example/Anns.java:
package com.example;

@UnknownAnn
class Anns {
    @DoesNotExist
    int field;

    @NotARealAnnotation("arg")
    void method() {}

    @bogus.Widget
    void qualified() {}
}

@2:1: cannot-resolve-type: Cannot resolve symbol 'UnknownAnn'
@4:5: cannot-resolve-type: Cannot resolve symbol 'DoesNotExist'
@7:5: cannot-resolve-type: Cannot resolve symbol 'NotARealAnnotation'
@10:5: cannot-resolve-type: Cannot resolve symbol 'bogus.Widget'
