---
source: crates/hir-ty/tests/jls_imports.rs
expression: out
---
FILE /src/com/example/Widget.java:
package com.example;

public class Widget {}

FILE /src/com/example/Imports.java:
package com.example;

import com.missing.dep.*;

class Imports {
    void m() {
        com.missing.dep.Helper h = new com.missing.dep.Helper();
    }
}

@2:0: unresolved-import-package: Package 'com.missing.dep' does not exist
