---
source: crates/hir-ty/tests/jls_imports.rs
assertion_line: 97
expression: out
---
FILE /src/com/example/Imports.java:
package com.example;

import static bogus.Type.*;
import static java.lang.MissingUtility.*;

class Imports {}

method : unresolved-import-package: @2:0package bogus does not exist
method : unresolved-static-import: @3:0cannot find symbol
  symbol:   class MissingUtility
