---
source: crates/hir-ty/tests/jls_type_var_scope.rs
expression: out
---
FILE /src/com/example/Body.java:
package com.example;

import java.util.function.Function;

class Either<L, R> {
    <T> T map(Function<L, T> first, Function<R, T> second) {
        return null;
    }
}

class Entry<T, A> {
    A argument;

    static <T> Entry<T, T> createOverride(T value) {
        return null;
    }
}

class Body {
    static <T> Entry<T, ?> codec(Either<T, Entry<T, ?>> either) {
        Function<T, Entry<T, ?>> first = Entry::createOverride;
        Function<Entry<T, ?>, Entry<T, ?>> second = e -> e;
        return either.map(first, second);
    }
}

method map(java.util.function.Function<L, T>, java.util.function.Function<R, T>): T
  locals: l0: java.util.function.Function<L, T> | l1: java.util.function.Function<R, T>
  exprs: e0: null
method createOverride(T): com.example.Entry<T, T>
  locals: l2: T
  exprs: e1: null
method codec(com.example.Either<T, com.example.Entry<T, ?>>): com.example.Entry<T, ?>
  locals: l3: com.example.Either<T, com.example.Entry<T, ?>> | l4: java.util.function.Function<T, com.example.Entry<T, ?>> | l5: java.util.function.Function<com.example.Entry<T, ?>, com.example.Entry<T, ?>>
  exprs: e3: java.util.function.Function<T, com.example.Entry<T, ?>> | e4: com.example.Entry<T, ?> | e5: java.util.function.Function<com.example.Entry<T, ?>, com.example.Entry<T, ?>> | e6: java.util.function.Function<T, com.example.Entry<T, ?>> | e7: java.util.function.Function<com.example.Entry<T, ?>, com.example.Entry<T, ?>> | e8: com.example.Either<T, com.example.Entry<T, ?>> | e9: com.example.Entry<T, ?>
