---
source: crates/hir-ty/tests/jls_frontend_gaps.rs
expression: out
---
FILE /src/com/example/Body.java:
package com.example;

interface Mapped {
}

interface Copyable<T extends Mapped> {
    T copy(Object d);
}

interface NbtDecoder<T> {
    T decode(Object tag, Object w);
}

interface NbtEntryDecoder<T> {
    static <T extends Mapped & Copyable<T>> NbtEntryDecoder<T> fromDecoder(NbtDecoder<T> decoder) {
        return (tag, wrapper, data) -> decoder.decode(tag, wrapper).copy(data);
    }

    T decode(Object tag, Object w, Object d);
}

method fromDecoder(com.example.NbtDecoder<T>): com.example.NbtEntryDecoder<T>
  locals: l0: com.example.NbtDecoder<T>
  exprs: e0: java.lang.Object | e1: java.lang.Object | e2: java.lang.Object | e3: com.example.NbtDecoder<T> | e4: T | e5: T | e6: com.example.NbtEntryDecoder<T>
