---
source: crates/hir-ty/tests/jls_annotations.rs
expression: out
---
FILE /src/com/example/Anns.java:
package com.example;

@UnknownAnn
class Anns {
    @DoesNotExist
    int field;

    @NotARealAnnotation("arg")
    void method() {}

    @bogus.Widget
    void qualified() {}
}

method : cannot-resolve-type: @2:1Cannot resolve symbol 'UnknownAnn'
method : cannot-resolve-type: @4:5Cannot resolve symbol 'DoesNotExist'
method : cannot-resolve-type: @7:5Cannot resolve symbol 'NotARealAnnotation'
method : cannot-resolve-type: @10:5Cannot resolve symbol 'bogus.Widget'
