---
source: crates/hir-ty/tests/jls_conversions.rs
expression: out
---
FILE /src/com/example/Body.java:
package com.example;

class Body {
    void m() {
        if (missing) { }
        throw other;
    }
}

method m(): void
  locals: 
  exprs: e0: <error> | e1: <error> | e2: <error>
  diags: e0@4:12: cannot-resolve-symbol: Cannot resolve symbol 'missing' | e2@5:14: cannot-resolve-symbol: Cannot resolve symbol 'other'
