---
source: crates/hir-ty/tests/jls_final_capture.rs
expression: out
---
FILE /src/com/example/Final.java:
package com.example;

class Final {
    static final int sf;
    static {
        if ("x".length() > 0) {
            sf = 1;
            throw new RuntimeException();
        }
        sf = 2;
    }
}
