---
source: crates/hir-ty/tests/jls_annotations.rs
expression: out
---
FILE /src/com/example/Anns.java:
package com.example;

import java.util.List;

class Anns {
    String @UnknownTypeUse [] annotatedArray;
    List<@UncheckedElement String> list;
    List<String @UnknownArgument []> argDim;
}

@5:12: cannot-resolve-type: Cannot resolve symbol 'UnknownTypeUse'
@6:10: cannot-resolve-type: Cannot resolve symbol 'UncheckedElement'
@7:17: cannot-resolve-type: Cannot resolve symbol 'UnknownArgument'
