---
source: crates/hir-ty/tests/resolve_type_snapshots.rs
expression: out
---
FILE /src/com/example/App.java:
package com.example;

import org.missing.Thing;

class App {
    Thing field;
}

@5:4: cannot-resolve-type: Cannot resolve symbol 'Thing'
@2:0: unresolved-import: Cannot resolve symbol 'org.missing.Thing' in the single-type import
