---
source: crates/java-syntax/tests/parser_snapshots.rs
expression: out
---
SOURCE:
module com.example.foo {
    requires com.example.foo.http;
    requires java.logging;

    requires transitive com.example.foo.network;

    exports com.example.foo.bar;
    exports com.example.foo.internal to com.example.foo.probe;

    opens com.example.foo.quux;
    opens com.example.foo.internal to com.example.foo.network,
                                      com.example.foo.probe;

    uses com.example.foo.spi.Intf;
    provides com.example.foo.spi.Intf with com.example.foo.Impl;
}

TOKENS:
IDENTIFIER "module"
WHITESPACE " "
IDENTIFIER "com"
DOT "."
IDENTIFIER "example"
DOT "."
IDENTIFIER "foo"
WHITESPACE " "
L_BRACE "{"
WHITESPACE "\n    "
IDENTIFIER "requires"
WHITESPACE " "
IDENTIFIER "com"
DOT "."
IDENTIFIER "example"
DOT "."
IDENTIFIER "foo"
DOT "."
IDENTIFIER "http"
SEMICOLON ";"
WHITESPACE "\n    "
IDENTIFIER "requires"
WHITESPACE " "
IDENTIFIER "java"
DOT "."
IDENTIFIER "logging"
SEMICOLON ";"
WHITESPACE "\n\n    "
IDENTIFIER "requires"
WHITESPACE " "
IDENTIFIER "transitive"
WHITESPACE " "
IDENTIFIER "com"
DOT "."
IDENTIFIER "example"
DOT "."
IDENTIFIER "foo"
DOT "."
IDENTIFIER "network"
SEMICOLON ";"
WHITESPACE "\n\n    "
IDENTIFIER "exports"
WHITESPACE " "
IDENTIFIER "com"
DOT "."
IDENTIFIER "example"
DOT "."
IDENTIFIER "foo"
DOT "."
IDENTIFIER "bar"
SEMICOLON ";"
WHITESPACE "\n    "
IDENTIFIER "exports"
WHITESPACE " "
IDENTIFIER "com"
DOT "."
IDENTIFIER "example"
DOT "."
IDENTIFIER "foo"
DOT "."
IDENTIFIER "internal"
WHITESPACE " "
IDENTIFIER "to"
WHITESPACE " "
IDENTIFIER "com"
DOT "."
IDENTIFIER "example"
DOT "."
IDENTIFIER "foo"
DOT "."
IDENTIFIER "probe"
SEMICOLON ";"
WHITESPACE "\n\n    "
IDENTIFIER "opens"
WHITESPACE " "
IDENTIFIER "com"
DOT "."
IDENTIFIER "example"
DOT "."
IDENTIFIER "foo"
DOT "."
IDENTIFIER "quux"
SEMICOLON ";"
WHITESPACE "\n    "
IDENTIFIER "opens"
WHITESPACE " "
IDENTIFIER "com"
DOT "."
IDENTIFIER "example"
DOT "."
IDENTIFIER "foo"
DOT "."
IDENTIFIER "internal"
WHITESPACE " "
IDENTIFIER "to"
WHITESPACE " "
IDENTIFIER "com"
DOT "."
IDENTIFIER "example"
DOT "."
IDENTIFIER "foo"
DOT "."
IDENTIFIER "network"
COMMA ","
WHITESPACE "\n                                      "
IDENTIFIER "com"
DOT "."
IDENTIFIER "example"
DOT "."
IDENTIFIER "foo"
DOT "."
IDENTIFIER "probe"
SEMICOLON ";"
WHITESPACE "\n\n    "
IDENTIFIER "uses"
WHITESPACE " "
IDENTIFIER "com"
DOT "."
IDENTIFIER "example"
DOT "."
IDENTIFIER "foo"
DOT "."
IDENTIFIER "spi"
DOT "."
IDENTIFIER "Intf"
SEMICOLON ";"
WHITESPACE "\n    "
IDENTIFIER "provides"
WHITESPACE " "
IDENTIFIER "com"
DOT "."
IDENTIFIER "example"
DOT "."
IDENTIFIER "foo"
DOT "."
IDENTIFIER "spi"
DOT "."
IDENTIFIER "Intf"
WHITESPACE " "
IDENTIFIER "with"
WHITESPACE " "
IDENTIFIER "com"
DOT "."
IDENTIFIER "example"
DOT "."
IDENTIFIER "foo"
DOT "."
IDENTIFIER "Impl"
SEMICOLON ";"
WHITESPACE "\n"
R_BRACE "}"
WHITESPACE "\n"

LEX_ERRORS:
<none>

SYNTAX_TREE:
ROOT
  MODULE_DECL
    IDENTIFIER "module"
    QUALIFIED_NAME
      WHITESPACE " "
      IDENTIFIER "com"
      DOT "."
      IDENTIFIER "example"
      DOT "."
      IDENTIFIER "foo"
    MODULE_BODY
      WHITESPACE " "
      L_BRACE "{"
      REQUIRES_DIRECTIVE
        WHITESPACE "\n    "
        IDENTIFIER "requires"
        QUALIFIED_NAME
          WHITESPACE " "
          IDENTIFIER "com"
          DOT "."
          IDENTIFIER "example"
          DOT "."
          IDENTIFIER "foo"
          DOT "."
          IDENTIFIER "http"
        SEMICOLON ";"
      REQUIRES_DIRECTIVE
        WHITESPACE "\n    "
        IDENTIFIER "requires"
        QUALIFIED_NAME
          WHITESPACE " "
          IDENTIFIER "java"
          DOT "."
          IDENTIFIER "logging"
        SEMICOLON ";"
      REQUIRES_DIRECTIVE
        WHITESPACE "\n\n    "
        IDENTIFIER "requires"
        MODIFIER_LIST
          WHITESPACE " "
          IDENTIFIER "transitive"
        QUALIFIED_NAME
          WHITESPACE " "
          IDENTIFIER "com"
          DOT "."
          IDENTIFIER "example"
          DOT "."
          IDENTIFIER "foo"
          DOT "."
          IDENTIFIER "network"
        SEMICOLON ";"
      EXPORTS_DIRECTIVE
        WHITESPACE "\n\n    "
        IDENTIFIER "exports"
        QUALIFIED_NAME
          WHITESPACE " "
          IDENTIFIER "com"
          DOT "."
          IDENTIFIER "example"
          DOT "."
          IDENTIFIER "foo"
          DOT "."
          IDENTIFIER "bar"
        SEMICOLON ";"
      EXPORTS_DIRECTIVE
        WHITESPACE "\n    "
        IDENTIFIER "exports"
        QUALIFIED_NAME
          WHITESPACE " "
          IDENTIFIER "com"
          DOT "."
          IDENTIFIER "example"
          DOT "."
          IDENTIFIER "foo"
          DOT "."
          IDENTIFIER "internal"
        WHITESPACE " "
        IDENTIFIER "to"
        QUALIFIED_NAME
          WHITESPACE " "
          IDENTIFIER "com"
          DOT "."
          IDENTIFIER "example"
          DOT "."
          IDENTIFIER "foo"
          DOT "."
          IDENTIFIER "probe"
        SEMICOLON ";"
      OPENS_DIRECTIVE
        WHITESPACE "\n\n    "
        IDENTIFIER "opens"
        QUALIFIED_NAME
          WHITESPACE " "
          IDENTIFIER "com"
          DOT "."
          IDENTIFIER "example"
          DOT "."
          IDENTIFIER "foo"
          DOT "."
          IDENTIFIER "quux"
        SEMICOLON ";"
      OPENS_DIRECTIVE
        WHITESPACE "\n    "
        IDENTIFIER "opens"
        QUALIFIED_NAME
          WHITESPACE " "
          IDENTIFIER "com"
          DOT "."
          IDENTIFIER "example"
          DOT "."
          IDENTIFIER "foo"
          DOT "."
          IDENTIFIER "internal"
        WHITESPACE " "
        IDENTIFIER "to"
        QUALIFIED_NAME
          WHITESPACE " "
          IDENTIFIER "com"
          DOT "."
          IDENTIFIER "example"
          DOT "."
          IDENTIFIER "foo"
          DOT "."
          IDENTIFIER "network"
        COMMA ","
        QUALIFIED_NAME
          WHITESPACE "\n                                      "
          IDENTIFIER "com"
          DOT "."
          IDENTIFIER "example"
          DOT "."
          IDENTIFIER "foo"
          DOT "."
          IDENTIFIER "probe"
        SEMICOLON ";"
      USES_DIRECTIVE
        WHITESPACE "\n\n    "
        IDENTIFIER "uses"
        QUALIFIED_NAME
          WHITESPACE " "
          IDENTIFIER "com"
          DOT "."
          IDENTIFIER "example"
          DOT "."
          IDENTIFIER "foo"
          DOT "."
          IDENTIFIER "spi"
          DOT "."
          IDENTIFIER "Intf"
        SEMICOLON ";"
      PROVIDES_DIRECTIVE
        WHITESPACE "\n    "
        IDENTIFIER "provides"
        QUALIFIED_NAME
          WHITESPACE " "
          IDENTIFIER "com"
          DOT "."
          IDENTIFIER "example"
          DOT "."
          IDENTIFIER "foo"
          DOT "."
          IDENTIFIER "spi"
          DOT "."
          IDENTIFIER "Intf"
        WHITESPACE " "
        IDENTIFIER "with"
        QUALIFIED_NAME
          WHITESPACE " "
          IDENTIFIER "com"
          DOT "."
          IDENTIFIER "example"
          DOT "."
          IDENTIFIER "foo"
          DOT "."
          IDENTIFIER "Impl"
        SEMICOLON ";"
      WHITESPACE "\n"
      R_BRACE "}"
  WHITESPACE "\n"
