---
source: crates/java-syntax/tests/parser_snapshots.rs
expression: out
---
SOURCE:
class A { List<String> xs; }
TOKENS:
CLASS_KW "class"
WHITESPACE " "
IDENTIFIER "A"
WHITESPACE " "
L_BRACE "{"
WHITESPACE " "
IDENTIFIER "List"
LESS "<"
IDENTIFIER "String"
GREATER ">"
WHITESPACE " "
IDENTIFIER "xs"
SEMICOLON ";"
WHITESPACE " "
R_BRACE "}"

LEX_ERRORS:
<none>

SYNTAX_TREE:
ROOT
  CLASS_DECL
    CLASS_KW "class"
    WHITESPACE " "
    IDENTIFIER "A"
    CLASS_BODY
      WHITESPACE " "
      L_BRACE "{"
      FIELD_DECL
        WHITESPACE " "
        TYPE
          QUALIFIED_NAME
            IDENTIFIER "List"
          TYPE_ARGUMENTS
            LESS "<"
            TYPE_ARGUMENT
              TYPE
                QUALIFIED_NAME
                  IDENTIFIER "String"
            GREATER ">"
        VARIABLE_DECLARATOR_LIST
          WHITESPACE " "
          VARIABLE_DECLARATOR
            IDENTIFIER "xs"
        SEMICOLON ";"
      WHITESPACE " "
      R_BRACE "}"
