---
source: crates/java-syntax/tests/parser_snapshots.rs
expression: out
---
SOURCE:
class Test {
    void test() {
        Foo a = (Runnable & Serializable) o;
    }
}

TOKENS:
CLASS_KW "class"
WHITESPACE " "
IDENTIFIER "Test"
WHITESPACE " "
L_BRACE "{"
WHITESPACE "\n    "
VOID_KW "void"
WHITESPACE " "
IDENTIFIER "test"
L_PAREN "("
R_PAREN ")"
WHITESPACE " "
L_BRACE "{"
WHITESPACE "\n        "
IDENTIFIER "Foo"
WHITESPACE " "
IDENTIFIER "a"
WHITESPACE " "
EQUAL "="
WHITESPACE " "
L_PAREN "("
IDENTIFIER "Runnable"
WHITESPACE " "
BIT_AND "&"
WHITESPACE " "
IDENTIFIER "Serializable"
R_PAREN ")"
WHITESPACE " "
IDENTIFIER "o"
SEMICOLON ";"
WHITESPACE "\n    "
R_BRACE "}"
WHITESPACE "\n"
R_BRACE "}"
WHITESPACE "\n"

LEX_ERRORS:
<none>

SYNTAX_TREE:
ROOT
  CLASS_DECL
    CLASS_KW "class"
    WHITESPACE " "
    IDENTIFIER "Test"
    CLASS_BODY
      WHITESPACE " "
      L_BRACE "{"
      METHOD_DECL
        WHITESPACE "\n    "
        VOID_KW "void"
        WHITESPACE " "
        IDENTIFIER "test"
        FORMAL_PARAMETERS
          L_PAREN "("
          R_PAREN ")"
        BLOCK
          WHITESPACE " "
          L_BRACE "{"
          LOCAL_VARIABLE_DECLARATION_STMT
            WHITESPACE "\n        "
            LOCAL_VARIABLE_DECLARATION
              TYPE
                QUALIFIED_NAME
                  IDENTIFIER "Foo"
              VARIABLE_DECLARATOR_LIST
                WHITESPACE " "
                VARIABLE_DECLARATOR
                  IDENTIFIER "a"
                  WHITESPACE " "
                  EQUAL "="
                  CAST_EXPR
                    WHITESPACE " "
                    L_PAREN "("
                    TYPE
                      QUALIFIED_NAME
                        IDENTIFIER "Runnable"
                    WHITESPACE " "
                    BIT_AND "&"
                    TYPE
                      WHITESPACE " "
                      QUALIFIED_NAME
                        IDENTIFIER "Serializable"
                    R_PAREN ")"
                    LITERAL
                      WHITESPACE " "
                      IDENTIFIER "o"
            SEMICOLON ";"
          WHITESPACE "\n    "
          R_BRACE "}"
      WHITESPACE "\n"
      R_BRACE "}"
  WHITESPACE "\n"
