---
source: crates/ide/tests/nav.rs
expression: "render_nav_many(&fixture, &cases)"
---
--- goto @"name = \"x\""#0 ---
name @257..261
--- hover ---
name(): String
--- goto @"count = FLAG"#0 ---
count @274..279
--- hover ---
count(): int
--- goto @"type = Holder.class"#0 ---
type @307..311
--- hover ---
type(): Class<?>
--- goto @"mode = FAST"#0 ---
mode @325..329
--- hover ---
mode(): Mode
--- goto @"inner = @Inner"#0 ---
inner @344..349
--- hover ---
inner(): Inner
--- goto @"nums = { 1"#0 ---
nums @364..368
--- hover ---
nums(): int[]
--- goto @"modes = { Mode.SLOW"#0 ---
modes @384..389
--- hover ---
modes(): Mode[]
--- goto @"nums2 = @Nums"#0 ---
nums2 @403..408
--- hover ---
nums2(): Nums
--- goto @"count = LOCAL"#1 ---
count @274..279
--- hover ---
count(): int
--- goto @"name = \"f\""#0 ---
name @257..261
--- hover ---
name(): String
--- goto @"value = \"y\""#0 ---
value @160..165
--- hover ---
value(): String
--- goto @"value = \"q\""#0 ---
value @160..165
--- hover ---
value(): String
--- goto @"value = \"u\""#0 ---
value @160..165
--- hover ---
value(): String
--- goto @"LOCAL }"#0 ---
LOCAL @715..720
--- hover ---
LOCAL: int
--- goto @"FLAG,"#0 ---
FLAG @235..239
--- hover ---
FLAG: int
--- goto @"FAST,"#0 ---
FAST @112..116
--- hover ---
FAST
--- goto @"Consts.CONST"#0 ---
Consts @421..427
--- hover ---
class Consts
--- goto @"CONST,"#0 ---
CONST @451..456
--- hover ---
CONST: int
--- goto @"Mode.SLOW"#0 ---
Mode @101..105
--- hover ---
enum Mode
--- goto @"SLOW,"#0 ---
SLOW @122..126
--- hover ---
SLOW
--- goto @"Holder.class"#0 ---
Holder @685..691
--- hover ---
class Holder
--- goto @"Inner(value"#0 ---
Inner @141..146
--- hover ---
@interface Inner
--- goto @"Nums()"#0 ---
Nums @183..187
--- hover ---
@interface Nums
--- goto @"\"x\""#0 ---

--- hover ---
<none>
--- goto @"2 * 3"#0 ---

--- hover ---
<none>
