---
source: crates/hir-def/tests/kotlin_lower_snapshots.rs
expression: out
---
SOURCE:

@Deprecated("use Other")
@Suppress("UNUSED", "UNCHECKED_CAST")
class Annotated @Deprecated("inject") constructor(val name: String) {
    @Deprecated("old")
    fun f() {}

    @get:JvmName("renamed")
    val x: Int = 1
}

annotation class Marker

PARSE_ERRORS:
<none>
ITEM_TREE:
file (kotlin)
class Annotated @1..221
  @Deprecated(value = Str("use Other"))
  @Suppress(value = Str("UNUSED"), value = Str("UNCHECKED_CAST"))
  primary constructor(name: String) @80..131
    @Deprecated(value = Str("inject"))
  val name: String @114..130
  fun f() @138..171
    @Deprecated(value = Str("old"))
  val x: Int @177..220
    @get:JvmName(value = Str("renamed"))
annotation class Marker @223..247
