---
source: crates/caffeine-ls/tests/lsp_snapshots.rs
expression: response
---
[
  {
    "uri": "file://<WORKSPACE_ROOT>/src/com/example/Keywords.kt",
    "range": {
      "start": {
        "line": 15,
        "character": 4
      },
      "end": {
        "line": 15,
        "character": 15
      }
    }
  }
]
