---
source: crates/caffeine-ls/tests/lsp_snapshots.rs
expression: diagnostics
---
{
  "items": [
    {
      "range": {
        "start": {
          "line": 1,
          "character": 32
        },
        "end": {
          "line": 1,
          "character": 33
        }
      },
      "severity": 1,
      "source": "caffeine-ls",
      "message": "WIP"
    },
    {
      "range": {
        "start": {
          "line": 3,
          "character": 4
        },
        "end": {
          "line": 3,
          "character": 4
        }
      },
      "severity": 1,
      "source": "caffeine-ls",
      "message": "WIP"
    },
    {
      "range": {
        "start": {
          "line": 3,
          "character": 4
        },
        "end": {
          "line": 3,
          "character": 4
        }
      },
      "severity": 1,
      "source": "caffeine-ls",
      "message": "WIP"
    }
  ],
  "kind": "full"
}
