---
source: crates/caffeine-ls/tests/lsp_snapshots.rs
expression: "normalize_and_sort(after_fix, &lsp)"
---
{
  "items": [
    {
      "kind": "unchanged",
      "resultId": "bd60acb658c79e45",
      "uri": "file://<WORKSPACE_ROOT>/src/p/A.java",
      "version": 1
    },
    {
      "items": [],
      "kind": "full",
      "resultId": "bd60acb658c79e45",
      "uri": "file://<WORKSPACE_ROOT>/src/p/B.java",
      "version": null
    }
  ]
}
