---
source: crates/caffeine-ls/tests/lsp_snapshots.rs
expression: diagnostics
---
{
  "resultId": "91f6034d9c9bd1e2",
  "items": [
    {
      "range": {
        "start": {
          "line": 3,
          "character": 4
        },
        "end": {
          "line": 3,
          "character": 5
        }
      },
      "severity": 1,
      "code": "expected-token",
      "source": "caffeine-ls",
      "message": "Expected ';'"
    }
  ],
  "kind": "full"
}
