---
source: crates/caffeine-ls/tests/lsp_snapshots.rs
expression: diagnostics
---
{
  "resultId": "1",
  "items": [
    {
      "range": {
        "start": {
          "line": 3,
          "character": 19
        },
        "end": {
          "line": 3,
          "character": 20
        }
      },
      "severity": 1,
      "code": "compiler.err.not.stmt",
      "source": "caffeine-ls",
      "message": "Not a statement"
    },
    {
      "range": {
        "start": {
          "line": 2,
          "character": 14
        },
        "end": {
          "line": 2,
          "character": 26
        }
      },
      "severity": 1,
      "code": "compiler.err.cant.resolve.location",
      "source": "caffeine-ls",
      "message": "Cannot resolve method 'noSuchMethod()'"
    },
    {
      "range": {
        "start": {
          "line": 3,
          "character": 12
        },
        "end": {
          "line": 3,
          "character": 19
        }
      },
      "severity": 1,
      "code": "compiler.err.cant.resolve.location",
      "source": "caffeine-ls",
      "message": "Cannot resolve symbol 'unknown'"
    }
  ],
  "kind": "full"
}
