---
source: crates/caffeine-ls/tests/lsp_snapshots.rs
expression: diagnostics
---
{
  "items": [
    {
      "range": {
        "start": {
          "line": 3,
          "character": 19
        },
        "end": {
          "line": 3,
          "character": 20
        }
      },
      "severity": 1,
      "code": "compiler.err.not.stmt",
      "source": "caffeine-ls",
      "message": "Not a statement: only assignment, increment, decrement, method call, and new object creation are allowed"
    },
    {
      "range": {
        "start": {
          "line": 2,
          "character": 12
        },
        "end": {
          "line": 2,
          "character": 28
        }
      },
      "severity": 1,
      "code": "compiler.err.cant.resolve.location",
      "source": "caffeine-ls",
      "message": "cannot find symbol\n  symbol:   method noSuchMethod()"
    },
    {
      "range": {
        "start": {
          "line": 3,
          "character": 12
        },
        "end": {
          "line": 3,
          "character": 19
        }
      },
      "severity": 1,
      "code": "compiler.err.cant.resolve.location",
      "source": "caffeine-ls",
      "message": "cannot find symbol\n  symbol:   variable unknown"
    }
  ],
  "kind": "full"
}
