---
source: crates/caffeine-ls/tests/lsp_snapshots.rs
expression: diagnostics
---
{
  "resultId": "37b0fe6f4d095bfc-d1fba762150c532c",
  "items": [
    {
      "range": {
        "start": {
          "line": 1,
          "character": 29
        },
        "end": {
          "line": 1,
          "character": 29
        }
      },
      "severity": 1,
      "source": "caffeine-ls",
      "message": "Missing closing quote '\"' for string literal."
    }
  ],
  "kind": "full"
}
