---
source: crates/caffeine-ls/tests/lsp_snapshots.rs
expression: "(diag_empty, diag_garbage)"
---
[
  {
    "resultId": "bd60acb658c79e45",
    "items": [],
    "kind": "full"
  },
  {
    "resultId": "b1d978c19a349a63",
    "items": [
      {
        "range": {
          "start": {
            "line": 0,
            "character": 4
          },
          "end": {
            "line": 0,
            "character": 5
          }
        },
        "severity": 1,
        "code": "compiler.err.illegal.char",
        "source": "caffeine-ls",
        "message": "Illegal character: '#'"
      },
      {
        "range": {
          "start": {
            "line": 0,
            "character": 4
          },
          "end": {
            "line": 0,
            "character": 5
          }
        },
        "severity": 1,
        "code": "expected-construct",
        "source": "caffeine-ls",
        "message": "Expected a declaration (e.g., class, variable, or method) here"
      }
    ],
    "kind": "full"
  }
]
