---
source: crates/caffeine-ls/tests/lsp_snapshots.rs
expression: normalized
---
[
  {
    "location": {
      "uri": "file://<WORKSPACE_ROOT>/src/com/example/Foo.java",
      "range": {
        "start": {
          "line": 2,
          "character": 0
        },
        "end": {
          "line": 5,
          "character": 1
        }
      }
    },
    "name": "Foo",
    "kind": 5,
    "containerName": "com.example"
  },
  {
    "location": {
      "uri": "file://<WORKSPACE_ROOT>/src/com/example/Foo.java",
      "range": {
        "start": {
          "line": 4,
          "character": 4
        },
        "end": {
          "line": 4,
          "character": 32
        }
      }
    },
    "name": "bar(int...)",
    "kind": 6,
    "containerName": "com.example.Foo"
  },
  {
    "location": {
      "uri": "file://<WORKSPACE_ROOT>/src/com/example/Foo.java",
      "range": {
        "start": {
          "line": 3,
          "character": 15
        },
        "end": {
          "line": 3,
          "character": 16
        }
      }
    },
    "name": "x",
    "kind": 8,
    "containerName": "com.example.Foo"
  },
  {
    "location": {
      "uri": "file://<WORKSPACE_ROOT>/src/org/other/Bar.java",
      "range": {
        "start": {
          "line": 2,
          "character": 0
        },
        "end": {
          "line": 4,
          "character": 1
        }
      }
    },
    "name": "Bar",
    "kind": 11,
    "containerName": "org.other"
  },
  {
    "location": {
      "uri": "file://<WORKSPACE_ROOT>/src/org/other/Bar.java",
      "range": {
        "start": {
          "line": 3,
          "character": 4
        },
        "end": {
          "line": 3,
          "character": 15
        }
      }
    },
    "name": "baz()",
    "kind": 6,
    "containerName": "org.other.Bar"
  }
]
