---
source: crates/caffeine-ls/tests/lsp_snapshots.rs
expression: diagnostics
---
{
  "resultId": "1",
  "items": [
    {
      "range": {
        "start": {
          "line": 1,
          "character": 16
        },
        "end": {
          "line": 1,
          "character": 17
        }
      },
      "severity": 1,
      "code": "compiler.err.illegal.char",
      "source": "caffeine-ls",
      "message": "Illegal character: '`'"
    },
    {
      "range": {
        "start": {
          "line": 1,
          "character": 33
        },
        "end": {
          "line": 1,
          "character": 34
        }
      },
      "severity": 1,
      "code": "compiler.err.illegal.char",
      "source": "caffeine-ls",
      "message": "Illegal character: '`'"
    },
    {
      "range": {
        "start": {
          "line": 2,
          "character": 17
        },
        "end": {
          "line": 2,
          "character": 21
        }
      },
      "severity": 1,
      "code": "compiler.err.illegal.char",
      "source": "caffeine-ls",
      "message": "Illegal character literal"
    },
    {
      "range": {
        "start": {
          "line": 1,
          "character": 16
        },
        "end": {
          "line": 1,
          "character": 17
        }
      },
      "severity": 1,
      "source": "caffeine-ls",
      "message": "Expected an argument"
    },
    {
      "range": {
        "start": {
          "line": 1,
          "character": 16
        },
        "end": {
          "line": 1,
          "character": 17
        }
      },
      "severity": 1,
      "code": "expected-token",
      "source": "caffeine-ls",
      "message": "Expected ';'"
    },
    {
      "range": {
        "start": {
          "line": 1,
          "character": 16
        },
        "end": {
          "line": 1,
          "character": 17
        }
      },
      "severity": 1,
      "code": "expected-construct",
      "source": "caffeine-ls",
      "message": "Expected a class member (e.g., field or method) here"
    }
  ],
  "kind": "full"
}
