---
source: crates/caffeine-ls/tests/lsp_snapshots.rs
expression: rows
---
[
  "0:0:7 keyword package",
  "0:8:11 namespace com.example",
  "2:0:6 keyword import",
  "2:7:4 namespace java",
  "2:12:4 namespace util",
  "2:17:4 namespace List",
  "4:0:4 keyword enum",
  "4:5:4 enum+declaration Kind",
  "4:12:5 enumMember+declaration ALPHA",
  "4:19:4 enumMember+declaration BETA",
  "6:0:21 comment /** A doc comment. */",
  "7:1:3 decorator Tag",
  "8:4:5 method value",
  "8:10:1 operator =",
  "8:12:3 string \"x\"",
  "9:4:4 method kind",
  "9:9:1 operator =",
  "9:11:4 type Kind",
  "9:16:5 property+readonly+static ALPHA",
  "10:4:4 method type",
  "10:9:1 operator =",
  "10:11:6 type Sample",
  "10:18:5 keyword class",
  "11:4:4 method nums",
  "11:9:1 operator =",
  "11:12:1 number 1",
  "11:15:1 number 2",
  "12:4:5 method inner",
  "12:10:1 operator =",
  "12:13:3 decorator Tag",
  "12:17:3 string \"y\"",
  "14:0:6 modifier public",
  "14:7:5 keyword class",
  "14:13:6 class+declaration Sample",
  "14:19:1 operator <",
  "14:20:1 typeParameter+declaration T",
  "14:22:7 keyword extends",
  "14:30:6 type Number",
  "14:36:1 operator >",
  "14:38:10 keyword implements",
  "14:49:6 type Marker",
  "15:4:7 modifier private",
  "15:12:6 modifier static",
  "15:19:5 modifier final",
  "15:25:6 type String",
  "15:32:4 property+declaration+readonly+static NAME",
  "15:37:1 operator =",
  "15:39:8 string \"sample\"",
  "16:4:7 modifier private",
  "16:12:3 keyword int",
  "16:16:5 property+declaration count",
  "16:22:1 operator =",
  "16:24:1 number 0",
  "18:11:4 struct+declaration Pair",
  "18:16:3 keyword int",
  "18:20:4 property+declaration left",
  "18:26:3 keyword int",
  "18:30:5 property+declaration right",
  "20:5:10 decorator Deprecated",
  "20:16:5 method since",
  "20:22:1 operator =",
  "20:24:3 string \"1\"",
  "21:4:6 modifier public",
  "21:11:1 operator <",
  "21:12:1 typeParameter+declaration U",
  "21:13:1 operator >",
  "21:15:1 type U",
  "21:17:4 method+declaration pick",
  "21:22:4 type List",
  "21:26:1 operator <",
  "21:27:1 type U",
  "21:28:1 operator >",
  "21:30:6 parameter+declaration values",
  "21:38:3 keyword int",
  "21:42:5 parameter+declaration index",
  "22:8:3 keyword int",
  "22:12:5 variable+declaration local",
  "22:18:1 operator =",
  "22:20:5 parameter index",
  "22:26:1 operator +",
  "22:28:1 number 1",
  "23:8:3 keyword for",
  "23:13:1 type U",
  "23:15:5 variable+declaration value",
  "23:21:1 operator :",
  "23:23:6 parameter values",
  "24:12:2 keyword if",
  "24:16:5 variable value",
  "24:22:2 operator ==",
  "24:25:4 keyword null",
  "25:16:8 keyword continue",
  "27:12:5 property+modification count",
  "27:18:2 operator +=",
  "27:21:1 number 1",
  "29:8:6 keyword return",
  "29:15:6 parameter values",
  "29:22:3 method get",
  "29:26:5 variable local",
  "32:5:16 decorator SuppressWarnings",
  "32:22:4 property+readonly+static NAME",
  "33:4:4 keyword void",
  "33:9:6 method+declaration caller",
  "34:12:1 variable+declaration s",
  "34:14:1 operator =",
  "34:16:3 keyword new",
  "34:20:6 type Sample",
  "34:26:1 operator <",
  "34:27:7 type Integer",
  "34:34:1 operator >",
  "35:8:1 variable s",
  "35:10:5 property+modification count",
  "35:16:1 operator =",
  "35:18:1 number 3",
  "36:8:6 variable System",
  "36:15:3 property out",
  "36:19:7 method println",
  "36:27:4 property+readonly+static NAME",
  "36:32:6 method length",
  "37:8:8 comment /* block",
  "38:0:21 comment            comment */",
  "39:8:8 type Runnable",
  "39:17:1 variable+declaration r",
  "39:19:1 operator =",
  "39:24:2 operator ->",
  "39:29:3 keyword int",
  "39:33:5 variable+declaration inner",
  "39:39:1 operator =",
  "39:41:1 number 1",
  "43:1:9 keyword interface",
  "43:11:3 interface+declaration Tag",
  "44:4:6 type String",
  "44:11:5 method+declaration value",
  "46:4:4 type Kind",
  "46:9:4 method+declaration kind",
  "48:4:5 type Class",
  "48:9:1 operator <",
  "48:10:1 operator ?",
  "48:11:1 operator >",
  "48:13:4 method+declaration type",
  "50:4:3 keyword int",
  "50:10:4 method+declaration nums",
  "52:4:3 type Tag",
  "52:8:5 method+declaration inner",
  "55:0:9 keyword interface",
  "55:10:6 interface+declaration Marker",
  "56:4:4 keyword void",
  "56:9:4 method+declaration mark"
]
